{
  "task": "debug_workflow",
  "language": "python",
  "status": "pending"
}
