{
  "task": "design_api",
  "target": "note_service",
  "status": "pending"
}
