{
  "task": "move_file",
  "source": "/tmp/a.txt",
  "destination": "/tmp/b.txt",
  "status": "pending"
}
